{
  "archive": {
    "bytes": 18476509,
    "sha256": "c5c6b07d6ff6ba65e680fddb17297810a9b9d60222356b010b906c82d9d9177b"
  },
  "files": 6731,
  "generations": [
    {
      "compiler": {
        "bytes": 9691488,
        "sha256": "76a07c08265bd2ef525164472b6b53ac3f0e6cbbedce3250c4202f40ffba34c8"
      },
      "corpora": 6,
      "generation": 2,
      "observations": 547,
      "proof_generation": 1,
      "receipt": {
        "bytes": 13549,
        "sha256": "aea39e12456d188bccad4f3e60d88863977b6b551ea68cc5ab7ca9a110228b28"
      }
    },
    {
      "compiler": {
        "bytes": 9691488,
        "sha256": "76a07c08265bd2ef525164472b6b53ac3f0e6cbbedce3250c4202f40ffba34c8"
      },
      "corpora": 6,
      "generation": 3,
      "observations": 547,
      "proof_generation": 2,
      "receipt": {
        "bytes": 13549,
        "sha256": "72190b6ca0e6d9220bb4927b50834ab1b259062949873fb14704750cf5101329"
      }
    }
  ],
  "logical_bytes": 61907247,
  "original_comparison": true,
  "scope": "Integrity/receipt replay of completed corpus measurements; no new execution or SH8 acceptance.",
  "status": "passed"
}
