   Compiling unicode-ident v1.0.26
   Compiling strata-core v0.1.1 (/Users/master/cyber/.worktrees/selfhost-0.4-finalization-20261002/proof-acceptance/strata/core)
   Compiling smallvec v1.16.2
   Compiling cfg-if v1.0.5
   Compiling thiserror v2.0.21
   Compiling clap_lex v1.1.1
   Compiling trident-lang v0.3.0 (/Users/master/cyber/.worktrees/selfhost-0.4-finalization-20261002/proof-acceptance/trident)
   Compiling neuron-id v0.1.0 (/Users/master/cyber/.worktrees/selfhost-0.4-finalization-20261002/proof-acceptance/neuron/id)
   Compiling getrandom v0.3.4
   Compiling strata-ext v0.1.1 (/Users/master/cyber/.worktrees/selfhost-0.4-finalization-20261002/proof-acceptance/strata/ext)
   Compiling strata-proof v0.1.1 (/Users/master/cyber/.worktrees/selfhost-0.4-finalization-20261002/proof-acceptance/strata/proof)
   Compiling strata-compute v0.1.1 (/Users/master/cyber/.worktrees/selfhost-0.4-finalization-20261002/proof-acceptance/strata/compute)
   Compiling strata-trop v0.1.1 (/Users/master/cyber/.worktrees/selfhost-0.4-finalization-20261002/proof-acceptance/strata/trop/rs)
   Compiling proc-macro2 v1.0.107
   Compiling strata-genies v0.1.1 (/Users/master/cyber/.worktrees/selfhost-0.4-finalization-20261002/proof-acceptance/strata/genies/rs)
   Compiling strata-kuro v0.1.1 (/Users/master/cyber/.worktrees/selfhost-0.4-finalization-20261002/proof-acceptance/strata/kuro/rs)
   Compiling clap_builder v4.6.7
   Compiling parking_lot_core v0.9.12
   Compiling dashmap v5.5.3
   Compiling quote v1.0.47
   Compiling syn v3.0.6
   Compiling syn v2.0.119
   Compiling synstructure v0.14.0
   Compiling pin-project-internal v1.1.13
   Compiling tracing-attributes v0.1.31
   Compiling tower-lsp-macros v0.9.0
   Compiling auto_impl v1.3.0
   Compiling serde_derive v1.0.229
   Compiling zerofrom-derive v0.1.8
   Compiling yoke-derive v0.8.3
   Compiling zerovec-derive v0.11.6
   Compiling displaydoc v0.2.7
   Compiling futures-macro v0.3.34
   Compiling tokio-macros v2.7.2
   Compiling thiserror-impl v2.0.21
   Compiling serde_repr v0.1.21
   Compiling clap_derive v4.6.7
   Compiling async-trait v0.1.92
   Compiling tokio v1.53.1
   Compiling futures-util v0.3.34
   Compiling pin-project v1.1.13
   Compiling tracing v0.1.44
   Compiling zerofrom v0.1.8
   Compiling clap v4.6.7
   Compiling serde v1.0.229
   Compiling futures v0.3.34
   Compiling tower v0.4.13
   Compiling yoke v0.8.3
   Compiling cobs v0.3.0
   Compiling tokio-util v0.7.19
   Compiling strata-nebu v0.1.1 (/Users/master/cyber/.worktrees/selfhost-0.4-finalization-20261002/proof-acceptance/strata/nebu/rs)
   Compiling cyber-hemera v0.3.1 (/Users/master/cyber/.worktrees/selfhost-0.4-finalization-20261002/proof-acceptance/hemera/rs)
   Compiling heapless v0.7.17
   Compiling strata-jali v0.1.1 (/Users/master/cyber/.worktrees/selfhost-0.4-finalization-20261002/proof-acceptance/strata/jali/rs)
   Compiling zerovec v0.11.8
   Compiling zerotrie v0.2.5
   Compiling postcard v1.1.3
   Compiling cyber-lens-core v0.1.2 (/Users/master/cyber/.worktrees/selfhost-0.4-finalization-20261002/proof-acceptance/lens/core)
   Compiling cyber-lens-brakedown v0.2.0 (/Users/master/cyber/.worktrees/selfhost-0.4-finalization-20261002/proof-acceptance/lens/brakedown)
   Compiling cyber-lens-porphyry v0.2.0 (/Users/master/cyber/.worktrees/selfhost-0.4-finalization-20261002/proof-acceptance/lens/porphyry)
   Compiling cyber-lens-binius v0.1.1 (/Users/master/cyber/.worktrees/selfhost-0.4-finalization-20261002/proof-acceptance/lens/binius)
   Compiling cyber-nox v0.3.0 (/Users/master/cyber/.worktrees/selfhost-0.4-finalization-20261002/proof-acceptance/nox/rs)
   Compiling cyber-lens-ikat v0.2.0 (/Users/master/cyber/.worktrees/selfhost-0.4-finalization-20261002/proof-acceptance/lens/ikat)
   Compiling cyber-lens-assayer v0.2.0 (/Users/master/cyber/.worktrees/selfhost-0.4-finalization-20261002/proof-acceptance/lens/assayer)
   Compiling cyber-lens v0.2.0 (/Users/master/cyber/.worktrees/selfhost-0.4-finalization-20261002/proof-acceptance/lens/src)
   Compiling zheng v0.4.0 (/Users/master/cyber/.worktrees/selfhost-0.4-finalization-20261002/proof-acceptance/zheng/rs)
   Compiling tinystr v0.8.4
   Compiling potential_utf v0.1.6
   Compiling icu_collections v2.3.0
   Compiling icu_locale_core v2.3.0
   Compiling icu_provider v2.3.1
   Compiling icu_normalizer v2.3.0
   Compiling icu_properties v2.3.0
   Compiling bbg v0.3.0 (/Users/master/cyber/.worktrees/selfhost-0.4-finalization-20261002/proof-acceptance/bbg/rs)
   Compiling idna_adapter v1.2.2
   Compiling idna v1.1.0
   Compiling url v2.5.8
   Compiling lsp-types v0.94.1
   Compiling tower-lsp v0.20.0
   Compiling joy-rs v0.5.0 (/Users/master/cyber/.worktrees/selfhost-0.4-finalization-20261002/proof-acceptance/joy/rs)
   Compiling sh7-historical-dynamic-fixture v0.1.0 (/Users/master/cyber/.worktrees/selfhost-0.4-finalization-20261002/proof-acceptance/trident/audit/self-hosting/native-proof-pilots/historical-dynamic)
error[E0624]: method `transport` is private
  --> main.rs:21:75
   |
21 |         let encoded = artifact::encode(&arena, root, RunLimits::default().transport())
   |                                                                           ^^^^^^^^^ private method
   |
  ::: /Users/master/cyber/.worktrees/selfhost-0.4-finalization-20261002/proof-acceptance/joy/rs/structured/limits.rs:78:5
   |
78 |     pub(super) fn transport(self) -> artifact::Limits {
   |     ------------------------------------------------- private method defined here

For more information about this error, try `rustc --explain E0624`.
error: could not compile `sh7-historical-dynamic-fixture` (bin "sh7-historical-dynamic-fixture") due to 1 previous error
