   Compiling serde_core v1.0.228
   Compiling serde v1.0.228
   Compiling serde_json v1.0.149
   Compiling url v2.5.8
   Compiling lsp-types v0.94.1
   Compiling tower-lsp v0.20.0
   Compiling trident-lang v0.3.0 (/Users/master/cyber/.worktrees/selfhost-0.4-full-bootstrap/trident)
    Finished `release` profile [optimized] target(s) in 18.80s
     Running `../target-byte-scale/release/trident audit lib/std/compiler/nox/qualified_name.tri --json`
[33mWarning:[0m unused import 'vm.core.convert'
   [38;5;246m╭[0m[38;5;246m─[0m[38;5;246m[[0m/Users/master/cyber/.worktrees/selfhost-0.4-full-bootstrap/trident/lib/std/compiler/nox/ascii.tri:5:1[38;5;246m][0m
   [38;5;246m│[0m
 [38;5;246m5 │[0m [33mu[0m[33ms[0m[33me[0m[33m [0m[33mv[0m[33mm[0m[33m.[0m[33mc[0m[33mo[0m[33mr[0m[33me[0m[33m.[0m[33mc[0m[33mo[0m[33mn[0m[33mv[0m[33me[0m[33mr[0m[33mt[0m
 [38;5;240m  │[0m [33m─[0m[33m─[0m[33m─[0m[33m─[0m[33m─[0m[33m─[0m[33m─[0m[33m─[0m[33m─[0m[33m┬[0m[33m─[0m[33m─[0m[33m─[0m[33m─[0m[33m─[0m[33m─[0m[33m─[0m[33m─[0m[33m─[0m
 [38;5;240m  │[0m          [33m╰[0m[33m─[0m[33m─[0m[33m─[0m[33m─[0m[33m─[0m[33m─[0m[33m─[0m[33m─[0m[33m─[0m[33m─[0m[33m─[0m unused import 'vm.core.convert'
[38;5;246m───╯[0m
[33mWarning:[0m unused import 'vm.core.convert'
   [38;5;246m╭[0m[38;5;246m─[0m[38;5;246m[[0m/Users/master/cyber/.worktrees/selfhost-0.4-full-bootstrap/trident/lib/std/compiler/nox/lexer.tri:6:1[38;5;246m][0m
   [38;5;246m│[0m
 [38;5;246m6 │[0m [33mu[0m[33ms[0m[33me[0m[33m [0m[33mv[0m[33mm[0m[33m.[0m[33mc[0m[33mo[0m[33mr[0m[33me[0m[33m.[0m[33mc[0m[33mo[0m[33mn[0m[33mv[0m[33me[0m[33mr[0m[33mt[0m
 [38;5;240m  │[0m [33m─[0m[33m─[0m[33m─[0m[33m─[0m[33m─[0m[33m─[0m[33m─[0m[33m─[0m[33m─[0m[33m┬[0m[33m─[0m[33m─[0m[33m─[0m[33m─[0m[33m─[0m[33m─[0m[33m─[0m[33m─[0m[33m─[0m
 [38;5;240m  │[0m          [33m╰[0m[33m─[0m[33m─[0m[33m─[0m[33m─[0m[33m─[0m[33m─[0m[33m─[0m[33m─[0m[33m─[0m[33m─[0m[33m─[0m unused import 'vm.core.convert'
[38;5;246m───╯[0m
Auditing lib/std/compiler/nox/qualified_name.tri...
