    Checking stable_deref_trait v1.2.1
    Checking cfg-if v1.0.4
    Checking litemap v0.8.1
    Checking writeable v0.6.2
    Checking smallvec v1.15.1
    Checking memchr v2.8.0
    Checking once_cell v1.21.4
    Checking pin-project-lite v0.2.16
    Checking libc v0.2.180
    Checking serde_core v1.0.228
    Checking icu_normalizer_data v2.1.1
    Checking icu_properties_data v2.1.2
    Checking futures-core v0.3.31
    Checking futures-sink v0.3.31
    Checking zerofrom v0.1.6
    Checking zmij v1.0.20
    Checking strata-core v0.1.1 (/Users/master/cyber/.worktrees/selfhost-0.4-full-bootstrap/strata/core)
    Checking itoa v1.0.17
    Checking utf8parse v0.2.2
    Checking crossbeam-utils v0.8.21
    Checking futures-io v0.3.31
    Checking pin-utils v0.1.0
    Checking slab v0.4.12
    Checking utf8_iter v1.0.4
    Checking is_terminal_polyfill v1.70.2
    Checking futures-channel v0.3.31
    Checking colorchoice v1.0.4
    Checking anstyle-parse v0.2.7
    Checking percent-encoding v2.3.2
    Checking anstyle-query v1.1.5
    Checking yoke v0.8.1
    Checking futures-task v0.3.31
    Checking anstyle v1.0.13
    Checking zerocopy v0.8.39
    Checking either v1.15.0
    Checking strsim v0.11.1
    Checking scopeguard v1.2.0
    Checking clap_lex v0.7.7
    Checking form_urlencoded v1.2.2
    Checking tokio v1.49.0
    Checking pin-project v1.1.10
    Checking strata-compute v0.1.1 (/Users/master/cyber/.worktrees/selfhost-0.4-full-bootstrap/strata/compute)
    Checking strata-proof v0.1.1 (/Users/master/cyber/.worktrees/selfhost-0.4-full-bootstrap/strata/proof)
    Checking lock_api v0.4.14
    Checking zerovec v0.11.5
    Checking zerotrie v0.2.3
    Checking strata-ext v0.1.1 (/Users/master/cyber/.worktrees/selfhost-0.4-full-bootstrap/strata/ext)
    Checking futures-util v0.3.31
    Checking tracing-core v0.1.36
    Checking hashbrown v0.14.5
    Checking bytes v1.11.1
    Checking plotters-backend v0.3.7
    Checking ciborium-io v0.2.2
    Checking anstream v0.6.21
    Checking bitflags v2.10.0
    Checking bitflags v1.3.2
    Checking crossbeam-epoch v0.9.18
    Checking regex-syntax v0.8.9
    Checking tower-layer v0.3.3
    Checking tower-service v0.3.3
    Checking plotters-svg v0.3.7
    Checking itertools v0.10.5
    Checking clap_builder v4.5.57
    Checking strata-nebu v0.1.1 (/Users/master/cyber/.worktrees/selfhost-0.4-full-bootstrap/strata/nebu/rs)
    Checking parking_lot_core v0.9.12
    Checking errno v0.3.14
    Checking tracing v0.1.44
    Checking getrandom v0.3.4
    Checking crossbeam-deque v0.8.6
    Checking rustix v1.1.3
    Checking num-traits v0.2.19
    Checking httparse v1.10.1
    Checking cyber-hemera v0.3.1 (/Users/master/cyber/.worktrees/selfhost-0.4-full-bootstrap/hemera/rs)
    Checking tinystr v0.8.2
    Checking potential_utf v0.1.4
    Checking rayon-core v1.13.0
    Checking unicode-width v0.1.14
    Checking icu_locale_core v2.1.1
    Checking icu_collections v2.1.1
    Checking cast v0.3.0
    Checking yansi v1.0.1
    Checking dashmap v5.5.3
    Checking same-file v1.0.6
    Checking fastrand v2.3.0
   Compiling trident-lang v0.3.0 (/Users/master/cyber/.worktrees/selfhost-0.4-full-bootstrap/trident)
    Checking walkdir v2.5.0
    Checking rayon v1.11.0
    Checking is-terminal v0.4.17
    Checking ariadne v0.4.1
    Checking console v0.15.11
    Checking constant_time_eq v0.4.2
    Checking cyber-nox v0.3.0 (/Users/master/cyber/.worktrees/selfhost-0.4-full-bootstrap/nox/rs)
    Checking arrayref v0.3.9
    Checking plotters v0.3.7
    Checking arrayvec v0.7.6
    Checking oorandom v11.1.5
    Checking icu_provider v2.1.1
    Checking anes v0.1.6
    Checking similar v2.7.0
    Checking blake3 v1.8.3
    Checking icu_properties v2.1.2
    Checking icu_normalizer v2.1.1
    Checking regex-automata v0.4.14
    Checking tempfile v3.24.0
    Checking insta v1.46.3
    Checking criterion-plot v0.5.0
    Checking idna_adapter v1.2.1
    Checking tokio-util v0.7.18
    Checking clap v4.5.57
    Checking idna v1.1.0
    Checking serde v1.0.228
    Checking serde_json v1.0.149
    Checking regex v1.12.3
    Checking tower v0.4.13
    Checking futures v0.3.31
    Checking url v2.5.8
    Checking tinytemplate v1.2.1
    Checking lsp-types v0.94.1
    Checking half v2.7.1
    Checking ciborium-ll v0.2.2
    Checking ciborium v0.2.2
    Checking criterion v0.5.1
    Checking tower-lsp v0.20.0
    Finished `dev` profile [unoptimized + debuginfo] target(s) in 8.46s
