    Blocking waiting for file lock on package cache
    Blocking waiting for file lock on package cache
   Compiling trident-lang v0.3.0 (/Users/master/cyber/.worktrees/selfhost-0.4-full-bootstrap/trident)
    Finished `release` profile [optimized] target(s) in 4.25s
     Running tests/native_compiler.rs (../target-pipeline-review/release/deps/native_compiler-8941dbcc9881c059)

running 15 tests
test constant_bounds::native_constant_alias_chain_uses_memoized_iteration_and_shared_literal_identity ... ok
test constant_bounds::native_constant_metadata_follows_final_visibility_and_original_literal_span ... ok
test constant_bounds::native_constant_declarations_grouping_and_expression_nodes_keep_independent_caps ... ok
test constant_imports::imported_constants_bind_each_symbol_in_direct_use_order_with_owner_spans ... ok
test constant_imports::exported_alias_values_keep_foreign_literal_origin_and_complete_member_names ... ok
test constant_linking::guest_import_errors_keep_original_package_indices_and_caller_byte_spans ... ok
test constant_linking::guest_imports_compile_transitive_frozen_constants_without_host_resolution ... ok
test constant_linking::guest_imports_retain_per_symbol_source_order_and_lexical_shadowing ... ok
test constant_linking::guest_imports_validate_private_and_replaced_declarations_before_exporting ... ok
test constant_provenance::failed_private_import_resolution_cannot_reuse_a_previous_publish_result ... ok
test constant_provenance::parsed_and_published_aliases_preserve_terminal_owner_and_exact_source_spans ... ok
test constants::native_constants_keep_previous_default_arena_and_artifacts ... ok
[31mError:[0m unknown constant 'missing'
   [38;5;246m╭[0m[38;5;246m─[0m[38;5;246m[[0moracle.tri:1:30[38;5;246m][0m
   [38;5;246m│[0m
 [38;5;246m1 │[0m [38;5;249mp[0m[38;5;249mr[0m[38;5;249mo[0m[38;5;249mg[0m[38;5;249mr[0m[38;5;249ma[0m[38;5;249mm[0m[38;5;249m [0m[38;5;249ms[0m[38;5;249ma[0m[38;5;249mm[0m[38;5;249mp[0m[38;5;249ml[0m[38;5;249me[0m[38;5;249m [0m[38;5;249mc[0m[38;5;249mo[0m[38;5;249mn[0m[38;5;249ms[0m[38;5;249mt[0m[38;5;249m [0m[38;5;249mA[0m[38;5;249m:[0m[38;5;249mF[0m[38;5;249mi[0m[38;5;249me[0m[38;5;249ml[0m[38;5;249md[0m[38;5;249m=[0m[31mm[0m[31mi[0m[31ms[0m[31ms[0m[31mi[0m[31mn[0m[31mg[0m[38;5;249m [0m[38;5;249mf[0m[38;5;249mn[0m[38;5;249m [0m[38;5;249mm[0m[38;5;249ma[0m[38;5;249mi[0m[38;5;249mn[0m[38;5;249m([0m[38;5;249m)[0m[38;5;249m-[0m[38;5;249m>[0m[38;5;249mF[0m[38;5;249mi[0m[38;5;249me[0m[38;5;249ml[0m[38;5;249md[0m[38;5;249m{[0m[38;5;249m7[0m[38;5;249m}[0m
 [38;5;240m  │[0m                              [31m─[0m[31m─[0m[31m─[0m[31m┬[0m[31m─[0m[31m─[0m[31m─[0m
 [38;5;240m  │[0m                                 [31m╰[0m[31m─[0m[31m─[0m[31m─[0m[31m─[0m[31m─[0m unknown constant 'missing'
[38;5;246m───╯[0m
[31mError:[0m unknown constant 'missing'
   [38;5;246m╭[0m[38;5;246m─[0m[38;5;246m[[0moracle.tri:1:30[38;5;246m][0m
   [38;5;246m│[0m
 [38;5;246m1 │[0m [38;5;249mp[0m[38;5;249mr[0m[38;5;249mo[0m[38;5;249mg[0m[38;5;249mr[0m[38;5;249ma[0m[38;5;249mm[0m[38;5;249m [0m[38;5;249ms[0m[38;5;249ma[0m[38;5;249mm[0m[38;5;249mp[0m[38;5;249ml[0m[38;5;249me[0m[38;5;249m [0m[38;5;249mc[0m[38;5;249mo[0m[38;5;249mn[0m[38;5;249ms[0m[38;5;249mt[0m[38;5;249m [0m[38;5;249mA[0m[38;5;249m:[0m[38;5;249mF[0m[38;5;249mi[0m[38;5;249me[0m[38;5;249ml[0m[38;5;249md[0m[38;5;249m=[0m[31mm[0m[31mi[0m[31ms[0m[31ms[0m[31mi[0m[31mn[0m[31mg[0m[38;5;249m [0m[38;5;249mc[0m[38;5;249mo[0m[38;5;249mn[0m[38;5;249ms[0m[38;5;249mt[0m[38;5;249m [0m[38;5;249mA[0m[38;5;249m:[0m[38;5;249mF[0m[38;5;249mi[0m[38;5;249me[0m[38;5;249ml[0m[38;5;249md[0m[38;5;249m=[0m[38;5;249m7[0m[38;5;249m [0m[38;5;249mf[0m[38;5;249mn[0m[38;5;249m [0m[38;5;249mm[0m[38;5;249ma[0m[38;5;249mi[0m[38;5;249mn[0m[38;5;249m([0m[38;5;249m)[0m[38;5;249m-[0m[38;5;249m>[0m[38;5;249mF[0m[38;5;249mi[0m[38;5;249me[0m[38;5;249ml[0m[38;5;249md[0m[38;5;249m{[0m[38;5;249m7[0m[38;5;249m}[0m
 [38;5;240m  │[0m                              [31m─[0m[31m─[0m[31m─[0m[31m┬[0m[31m─[0m[31m─[0m[31m─[0m
 [38;5;240m  │[0m                                 [31m╰[0m[31m─[0m[31m─[0m[31m─[0m[31m─[0m[31m─[0m unknown constant 'missing'
[38;5;246m───╯[0m
[31mError:[0m unknown constant 'missing'
   [38;5;246m╭[0m[38;5;246m─[0m[38;5;246m[[0moracle.tri:1:46[38;5;246m][0m
   [38;5;246m│[0m
 [38;5;246m1 │[0m [38;5;249mp[0m[38;5;249mr[0m[38;5;249mo[0m[38;5;249mg[0m[38;5;249mr[0m[38;5;249ma[0m[38;5;249mm[0m[38;5;249m [0m[38;5;249ms[0m[38;5;249ma[0m[38;5;249mm[0m[38;5;249mp[0m[38;5;249ml[0m[38;5;249me[0m[38;5;249m [0m[38;5;249mc[0m[38;5;249mo[0m[38;5;249mn[0m[38;5;249ms[0m[38;5;249mt[0m[38;5;249m [0m[38;5;249mA[0m[38;5;249m:[0m[38;5;249mF[0m[38;5;249mi[0m[38;5;249me[0m[38;5;249ml[0m[38;5;249md[0m[38;5;249m=[0m[38;5;249m7[0m[38;5;249m [0m[38;5;249mc[0m[38;5;249mo[0m[38;5;249mn[0m[38;5;249ms[0m[38;5;249mt[0m[38;5;249m [0m[38;5;249mA[0m[38;5;249m:[0m[38;5;249mF[0m[38;5;249mi[0m[38;5;249me[0m[38;5;249ml[0m[38;5;249md[0m[38;5;249m=[0m[31mm[0m[31mi[0m[31ms[0m[31ms[0m[31mi[0m[31mn[0m[31mg[0m[38;5;249m [0m[38;5;249mf[0m[38;5;249mn[0m[38;5;249m [0m[38;5;249mm[0m[38;5;249ma[0m[38;5;249mi[0m[38;5;249mn[0m[38;5;249m([0m[38;5;249m)[0m[38;5;249m-[0m[38;5;249m>[0m[38;5;249mF[0m[38;5;249mi[0m[38;5;249me[0m[38;5;249ml[0m[38;5;249md[0m[38;5;249m{[0m[38;5;249m7[0m[38;5;249m}[0m
 [38;5;240m  │[0m                                              [31m─[0m[31m─[0m[31m─[0m[31m┬[0m[31m─[0m[31m─[0m[31m─[0m
 [38;5;240m  │[0m                                                 [31m╰[0m[31m─[0m[31m─[0m[31m─[0m[31m─[0m[31m─[0m unknown constant 'missing'
[38;5;246m───╯[0m
[31mError:[0m cyclic constant reference 'A'
   [38;5;246m╭[0m[38;5;246m─[0m[38;5;246m[[0moracle.tri:1:46[38;5;246m][0m
   [38;5;246m│[0m
 [38;5;246m1 │[0m [38;5;249mp[0m[38;5;249mr[0m[38;5;249mo[0m[38;5;249mg[0m[38;5;249mr[0m[38;5;249ma[0m[38;5;249mm[0m[38;5;249m [0m[38;5;249ms[0m[38;5;249ma[0m[38;5;249mm[0m[38;5;249mp[0m[38;5;249ml[0m[38;5;249me[0m[38;5;249m [0m[38;5;249mc[0m[38;5;249mo[0m[38;5;249mn[0m[38;5;249ms[0m[38;5;249mt[0m[38;5;249m [0m[38;5;249mA[0m[38;5;249m:[0m[38;5;249mF[0m[38;5;249mi[0m[38;5;249me[0m[38;5;249ml[0m[38;5;249md[0m[38;5;249m=[0m[38;5;249mB[0m[38;5;249m [0m[38;5;249mc[0m[38;5;249mo[0m[38;5;249mn[0m[38;5;249ms[0m[38;5;249mt[0m[38;5;249m [0m[38;5;249mB[0m[38;5;249m:[0m[38;5;249mF[0m[38;5;249mi[0m[38;5;249me[0m[38;5;249ml[0m[38;5;249md[0m[38;5;249m=[0m[31mA[0m[38;5;249m [0m[38;5;249mf[0m[38;5;249mn[0m[38;5;249m [0m[38;5;249mm[0m[38;5;249ma[0m[38;5;249mi[0m[38;5;249mn[0m[38;5;249m([0m[38;5;249m)[0m[38;5;249m-[0m[38;5;249m>[0m[38;5;249mF[0m[38;5;249mi[0m[38;5;249me[0m[38;5;249ml[0m[38;5;249md[0m[38;5;249m{[0m[38;5;249m7[0m[38;5;249m}[0m
 [38;5;240m  │[0m                                              [31m┬[0m
 [38;5;240m  │[0m                                              [31m╰[0m[31m─[0m[31m─[0m cyclic constant reference 'A'
[38;5;246m───╯[0m
[31mError:[0m cyclic constant reference 'A'
   [38;5;246m╭[0m[38;5;246m─[0m[38;5;246m[[0moracle.tri:1:30[38;5;246m][0m
   [38;5;246m│[0m
 [38;5;246m1 │[0m [38;5;249mp[0m[38;5;249mr[0m[38;5;249mo[0m[38;5;249mg[0m[38;5;249mr[0m[38;5;249ma[0m[38;5;249mm[0m[38;5;249m [0m[38;5;249ms[0m[38;5;249ma[0m[38;5;249mm[0m[38;5;249mp[0m[38;5;249ml[0m[38;5;249me[0m[38;5;249m [0m[38;5;249mc[0m[38;5;249mo[0m[38;5;249mn[0m[38;5;249ms[0m[38;5;249mt[0m[38;5;249m [0m[38;5;249mA[0m[38;5;249m:[0m[38;5;249mF[0m[38;5;249mi[0m[38;5;249me[0m[38;5;249ml[0m[38;5;249md[0m[38;5;249m=[0m[31mA[0m[38;5;249m [0m[38;5;249mf[0m[38;5;249mn[0m[38;5;249m [0m[38;5;249mm[0m[38;5;249ma[0m[38;5;249mi[0m[38;5;249mn[0m[38;5;249m([0m[38;5;249m)[0m[38;5;249m-[0m[38;5;249m>[0m[38;5;249mF[0m[38;5;249mi[0m[38;5;249me[0m[38;5;249ml[0m[38;5;249md[0m[38;5;249m{[0m[38;5;249m7[0m[38;5;249m}[0m
 [38;5;240m  │[0m                              [31m┬[0m
 [38;5;240m  │[0m                              [31m╰[0m[31m─[0m[31m─[0m cyclic constant reference 'A'
[38;5;246m───╯[0m
[31mError:[0m constant type mismatch: expected Field but got U32
   [38;5;246m╭[0m[38;5;246m─[0m[38;5;246m[[0moracle.tri:1:30[38;5;246m][0m
   [38;5;246m│[0m
 [38;5;246m1 │[0m [38;5;249mp[0m[38;5;249mr[0m[38;5;249mo[0m[38;5;249mg[0m[38;5;249mr[0m[38;5;249ma[0m[38;5;249mm[0m[38;5;249m [0m[38;5;249ms[0m[38;5;249ma[0m[38;5;249mm[0m[38;5;249mp[0m[38;5;249ml[0m[38;5;249me[0m[38;5;249m [0m[38;5;249mc[0m[38;5;249mo[0m[38;5;249mn[0m[38;5;249ms[0m[38;5;249mt[0m[38;5;249m [0m[38;5;249mA[0m[38;5;249m:[0m[38;5;249mF[0m[38;5;249mi[0m[38;5;249me[0m[38;5;249ml[0m[38;5;249md[0m[38;5;249m=[0m[31mB[0m[38;5;249m [0m[38;5;249mc[0m[38;5;249mo[0m[38;5;249mn[0m[38;5;249ms[0m[38;5;249mt[0m[38;5;249m [0m[38;5;249mB[0m[38;5;249m:[0m[38;5;249mU[0m[38;5;249m3[0m[38;5;249m2[0m[38;5;249m=[0m[38;5;249m7[0m[38;5;249m [0m[38;5;249mf[0m[38;5;249mn[0m[38;5;249m [0m[38;5;249mm[0m[38;5;249ma[0m[38;5;249mi[0m[38;5;249mn[0m[38;5;249m([0m[38;5;249m)[0m[38;5;249m-[0m[38;5;249m>[0m[38;5;249mF[0m[38;5;249mi[0m[38;5;249me[0m[38;5;249ml[0m[38;5;249md[0m[38;5;249m{[0m[38;5;249m7[0m[38;5;249m}[0m
 [38;5;240m  │[0m                              [31m┬[0m
 [38;5;240m  │[0m                              [31m╰[0m[31m─[0m[31m─[0m constant type mismatch: expected Field but got U32
[38;5;246m───╯[0m
[31mError:[0m constant type mismatch: expected U32 but got Field
   [38;5;246m╭[0m[38;5;246m─[0m[38;5;246m[[0moracle.tri:1:28[38;5;246m][0m
   [38;5;246m│[0m
 [38;5;246m1 │[0m [38;5;249mp[0m[38;5;249mr[0m[38;5;249mo[0m[38;5;249mg[0m[38;5;249mr[0m[38;5;249ma[0m[38;5;249mm[0m[38;5;249m [0m[38;5;249ms[0m[38;5;249ma[0m[38;5;249mm[0m[38;5;249mp[0m[38;5;249ml[0m[38;5;249me[0m[38;5;249m [0m[38;5;249mc[0m[38;5;249mo[0m[38;5;249mn[0m[38;5;249ms[0m[38;5;249mt[0m[38;5;249m [0m[38;5;249mA[0m[38;5;249m:[0m[38;5;249mU[0m[38;5;249m3[0m[38;5;249m2[0m[38;5;249m=[0m[31mB[0m[38;5;249m [0m[38;5;249mc[0m[38;5;249mo[0m[38;5;249mn[0m[38;5;249ms[0m[38;5;249mt[0m[38;5;249m [0m[38;5;249mB[0m[38;5;249m:[0m[38;5;249mF[0m[38;5;249mi[0m[38;5;249me[0m[38;5;249ml[0m[38;5;249md[0m[38;5;249m=[0m[38;5;249m7[0m[38;5;249m [0m[38;5;249mf[0m[38;5;249mn[0m[38;5;249m [0m[38;5;249mm[0m[38;5;249ma[0m[38;5;249mi[0m[38;5;249mn[0m[38;5;249m([0m[38;5;249m)[0m[38;5;249m-[0m[38;5;249m>[0m[38;5;249mF[0m[38;5;249mi[0m[38;5;249me[0m[38;5;249ml[0m[38;5;249md[0m[38;5;249m{[0m[38;5;249m7[0m[38;5;249m}[0m
 [38;5;240m  │[0m                            [31m┬[0m
 [38;5;240m  │[0m                            [31m╰[0m[31m─[0m[31m─[0m constant type mismatch: expected U32 but got Field
[38;5;246m───╯[0m
[31mError:[0m U32 constant is out of range
   [38;5;246m╭[0m[38;5;246m─[0m[38;5;246m[[0moracle.tri:1:28[38;5;246m][0m
   [38;5;246m│[0m
 [38;5;246m1 │[0m [38;5;249mp[0m[38;5;249mr[0m[38;5;249mo[0m[38;5;249mg[0m[38;5;249mr[0m[38;5;249ma[0m[38;5;249mm[0m[38;5;249m [0m[38;5;249ms[0m[38;5;249ma[0m[38;5;249mm[0m[38;5;249mp[0m[38;5;249ml[0m[38;5;249me[0m[38;5;249m [0m[38;5;249mc[0m[38;5;249mo[0m[38;5;249mn[0m[38;5;249ms[0m[38;5;249mt[0m[38;5;249m [0m[38;5;249mA[0m[38;5;249m:[0m[38;5;249mU[0m[38;5;249m3[0m[38;5;249m2[0m[38;5;249m=[0m[31m4[0m[31m2[0m[31m9[0m[31m4[0m[31m9[0m[31m6[0m[31m7[0m[31m2[0m[31m9[0m[31m6[0m[38;5;249m [0m[38;5;249mc[0m[38;5;249mo[0m[38;5;249mn[0m[38;5;249ms[0m[38;5;249mt[0m[38;5;249m [0m[38;5;249mA[0m[38;5;249m:[0m[38;5;249mU[0m[38;5;249m3[0m[38;5;249m2[0m[38;5;249m=[0m[38;5;249m7[0m[38;5;249m [0m[38;5;249mf[0m[38;5;249mn[0m[38;5;249m [0m[38;5;249mm[0m[38;5;249ma[0m[38;5;249mi[0m[38;5;249mn[0m[38;5;249m([0m[38;5;249m)[0m[38;5;249m-[0m[38;5;249m>[0m[38;5;249mF[0m[38;5;249mi[0m[38;5;249me[0m[38;5;249ml[0m[38;5;249md[0m[38;5;249m{[0m[38;5;249m7[0m[38;5;249m}[0m
 [38;5;240m  │[0m                            [31m─[0m[31m─[0m[31m─[0m[31m─[0m[31m─[0m[31m┬[0m[31m─[0m[31m─[0m[31m─[0m[31m─[0m
 [38;5;240m  │[0m                                 [31m╰[0m[31m─[0m[31m─[0m[31m─[0m[31m─[0m[31m─[0m[31m─[0m U32 constant is out of range
[38;5;246m───╯[0m
[31mError:[0m U32 constant is out of range
   [38;5;246m╭[0m[38;5;246m─[0m[38;5;246m[[0moracle.tri:1:28[38;5;246m][0m
   [38;5;246m│[0m
 [38;5;246m1 │[0m [38;5;249mp[0m[38;5;249mr[0m[38;5;249mo[0m[38;5;249mg[0m[38;5;249mr[0m[38;5;249ma[0m[38;5;249mm[0m[38;5;249m [0m[38;5;249ms[0m[38;5;249ma[0m[38;5;249mm[0m[38;5;249mp[0m[38;5;249ml[0m[38;5;249me[0m[38;5;249m [0m[38;5;249mc[0m[38;5;249mo[0m[38;5;249mn[0m[38;5;249ms[0m[38;5;249mt[0m[38;5;249m [0m[38;5;249mA[0m[38;5;249m:[0m[38;5;249mU[0m[38;5;249m3[0m[38;5;249m2[0m[38;5;249m=[0m[31m1[0m[31m8[0m[31m4[0m[31m4[0m[31m6[0m[31m7[0m[31m4[0m[31m4[0m[31m0[0m[31m6[0m[31m9[0m[31m4[0m[31m1[0m[31m4[0m[31m5[0m[31m8[0m[31m4[0m[31m3[0m[31m2[0m[31m1[0m[38;5;249m [0m[38;5;249mf[0m[38;5;249mn[0m[38;5;249m [0m[38;5;249mm[0m[38;5;249ma[0m[38;5;249mi[0m[38;5;249mn[0m[38;5;249m([0m[38;5;249m)[0m[38;5;249m-[0m[38;5;249m>[0m[38;5;249mF[0m[38;5;249mi[0m[38;5;249me[0m[38;5;249ml[0m[38;5;249md[0m[38;5;249m{[0m[38;5;249m7[0m[38;5;249m}[0m
 [38;5;240m  │[0m                            [31m─[0m[31m─[0m[31m─[0m[31m─[0m[31m─[0m[31m─[0m[31m─[0m[31m─[0m[31m─[0m[31m─[0m[31m┬[0m[31m─[0m[31m─[0m[31m─[0m[31m─[0m[31m─[0m[31m─[0m[31m─[0m[31m─[0m[31m─[0m
 [38;5;240m  │[0m                                      [31m╰[0m[31m─[0m[31m─[0m[31m─[0m[31m─[0m[31m─[0m[31m─[0m[31m─[0m[31m─[0m[31m─[0m[31m─[0m[31m─[0m U32 constant is out of range
[38;5;246m───╯[0m
[31mError:[0m constant initializer requires an integer literal or constant reference
   [38;5;246m╭[0m[38;5;246m─[0m[38;5;246m[[0moracle.tri:1:30[38;5;246m][0m
   [38;5;246m│[0m
 [38;5;246m1 │[0m [38;5;249mp[0m[38;5;249mr[0m[38;5;249mo[0m[38;5;249mg[0m[38;5;249mr[0m[38;5;249ma[0m[38;5;249mm[0m[38;5;249m [0m[38;5;249ms[0m[38;5;249ma[0m[38;5;249mm[0m[38;5;249mp[0m[38;5;249ml[0m[38;5;249me[0m[38;5;249m [0m[38;5;249mc[0m[38;5;249mo[0m[38;5;249mn[0m[38;5;249ms[0m[38;5;249mt[0m[38;5;249m [0m[38;5;249mA[0m[38;5;249m:[0m[38;5;249mF[0m[38;5;249mi[0m[38;5;249me[0m[38;5;249ml[0m[38;5;249md[0m[38;5;249m=[0m[31m7[0m[31m+[0m[31m2[0m[38;5;249m [0m[38;5;249mf[0m[38;5;249mn[0m[38;5;249m [0m[38;5;249mm[0m[38;5;249ma[0m[38;5;249mi[0m[38;5;249mn[0m[38;5;249m([0m[38;5;249m)[0m[38;5;249m-[0m[38;5;249m>[0m[38;5;249mF[0m[38;5;249mi[0m[38;5;249me[0m[38;5;249ml[0m[38;5;249md[0m[38;5;249m{[0m[38;5;249m7[0m[38;5;249m}[0m
 [38;5;240m  │[0m                              [31m─[0m[31m┬[0m[31m─[0m
 [38;5;240m  │[0m                               [31m╰[0m[31m─[0m[31m─[0m[31m─[0m constant initializer requires an integer literal or constant reference
[38;5;246m───╯[0m
[31mError:[0m constant initializer requires an integer literal or constant reference
   [38;5;246m╭[0m[38;5;246m─[0m[38;5;246m[[0moracle.tri:1:31[38;5;246m][0m
   [38;5;246m│[0m
 [38;5;246m1 │[0m [38;5;249mp[0m[38;5;249mr[0m[38;5;249mo[0m[38;5;249mg[0m[38;5;249mr[0m[38;5;249ma[0m[38;5;249mm[0m[38;5;249m [0m[38;5;249ms[0m[38;5;249ma[0m[38;5;249mm[0m[38;5;249mp[0m[38;5;249ml[0m[38;5;249me[0m[38;5;249m [0m[38;5;249mc[0m[38;5;249mo[0m[38;5;249mn[0m[38;5;249ms[0m[38;5;249mt[0m[38;5;249m [0m[38;5;249mA[0m[38;5;249m:[0m[38;5;249mF[0m[38;5;249mi[0m[38;5;249me[0m[38;5;249ml[0m[38;5;249md[0m[38;5;249m=[0m[38;5;249m([0m[31m7[0m[31m*[0m[31m2[0m[38;5;249m)[0m[38;5;249m [0m[38;5;249mf[0m[38;5;249mn[0m[38;5;249m [0m[38;5;249mm[0m[38;5;249ma[0m[38;5;249mi[0m[38;5;249mn[0m[38;5;249m([0m[38;5;249m)[0m[38;5;249m-[0m[38;5;249m>[0m[38;5;249mF[0m[38;5;249mi[0m[38;5;249me[0m[38;5;249ml[0m[38;5;249md[0m[38;5;249m{[0m[38;5;249m7[0m[38;5;249m}[0m
 [38;5;240m  │[0m                               [31m─[0m[31m┬[0m[31m─[0m
 [38;5;240m  │[0m                                [31m╰[0m[31m─[0m[31m─[0m[31m─[0m constant initializer requires an integer literal or constant reference
[38;5;246m───╯[0m
[31mError:[0m constant initializer requires an integer literal or constant reference
   [38;5;246m╭[0m[38;5;246m─[0m[38;5;246m[[0moracle.tri:1:30[38;5;246m][0m
   [38;5;246m│[0m
 [38;5;246m1 │[0m [38;5;249mp[0m[38;5;249mr[0m[38;5;249mo[0m[38;5;249mg[0m[38;5;249mr[0m[38;5;249ma[0m[38;5;249mm[0m[38;5;249m [0m[38;5;249ms[0m[38;5;249ma[0m[38;5;249mm[0m[38;5;249mp[0m[38;5;249ml[0m[38;5;249me[0m[38;5;249m [0m[38;5;249mc[0m[38;5;249mo[0m[38;5;249mn[0m[38;5;249ms[0m[38;5;249mt[0m[38;5;249m [0m[38;5;249mA[0m[38;5;249m:[0m[38;5;249mF[0m[38;5;249mi[0m[38;5;249me[0m[38;5;249ml[0m[38;5;249md[0m[38;5;249m=[0m[31m7[0m[31m=[0m[31m=[0m[31m2[0m[38;5;249m [0m[38;5;249mf[0m[38;5;249mn[0m[38;5;249m [0m[38;5;249mm[0m[38;5;249ma[0m[38;5;249mi[0m[38;5;249mn[0m[38;5;249m([0m[38;5;249m)[0m[38;5;249m-[0m[38;5;249m>[0m[38;5;249mF[0m[38;5;249mi[0m[38;5;249me[0m[38;5;249ml[0m[38;5;249md[0m[38;5;249m{[0m[38;5;249m7[0m[38;5;249m}[0m
 [38;5;240m  │[0m                              [31m─[0m[31m─[0m[31m┬[0m[31m─[0m
 [38;5;240m  │[0m                                [31m╰[0m[31m─[0m[31m─[0m[31m─[0m constant initializer requires an integer literal or constant reference
[38;5;246m───╯[0m
[31mError:[0m constant initializer requires an integer literal or constant reference
   [38;5;246m╭[0m[38;5;246m─[0m[38;5;246m[[0moracle.tri:1:28[38;5;246m][0m
   [38;5;246m│[0m
 [38;5;246m1 │[0m [38;5;249mp[0m[38;5;249mr[0m[38;5;249mo[0m[38;5;249mg[0m[38;5;249mr[0m[38;5;249ma[0m[38;5;249mm[0m[38;5;249m [0m[38;5;249ms[0m[38;5;249ma[0m[38;5;249mm[0m[38;5;249mp[0m[38;5;249ml[0m[38;5;249me[0m[38;5;249m [0m[38;5;249mc[0m[38;5;249mo[0m[38;5;249mn[0m[38;5;249ms[0m[38;5;249mt[0m[38;5;249m [0m[38;5;249mA[0m[38;5;249m:[0m[38;5;249mU[0m[38;5;249m3[0m[38;5;249m2[0m[38;5;249m=[0m[31m7[0m[31m [0m[31m&[0m[31m [0m[31m2[0m[38;5;249m [0m[38;5;249mf[0m[38;5;249mn[0m[38;5;249m [0m[38;5;249mm[0m[38;5;249ma[0m[38;5;249mi[0m[38;5;249mn[0m[38;5;249m([0m[38;5;249m)[0m[38;5;249m-[0m[38;5;249m>[0m[38;5;249mF[0m[38;5;249mi[0m[38;5;249me[0m[38;5;249ml[0m[38;5;249md[0m[38;5;249m{[0m[38;5;249m7[0m[38;5;249m}[0m
 [38;5;240m  │[0m                            [31m─[0m[31m─[0m[31m┬[0m[31m─[0m[31m─[0m
 [38;5;240m  │[0m                              [31m╰[0m[31m─[0m[31m─[0m[31m─[0m[31m─[0m constant initializer requires an integer literal or constant reference
[38;5;246m───╯[0m
[31mError:[0m constant initializer requires an integer literal or constant reference
   [38;5;246m╭[0m[38;5;246m─[0m[38;5;246m[[0moracle.tri:1:30[38;5;246m][0m
   [38;5;246m│[0m
 [38;5;246m1 │[0m [38;5;249mp[0m[38;5;249mr[0m[38;5;249mo[0m[38;5;249mg[0m[38;5;249mr[0m[38;5;249ma[0m[38;5;249mm[0m[38;5;249m [0m[38;5;249ms[0m[38;5;249ma[0m[38;5;249mm[0m[38;5;249mp[0m[38;5;249ml[0m[38;5;249me[0m[38;5;249m [0m[38;5;249mc[0m[38;5;249mo[0m[38;5;249mn[0m[38;5;249ms[0m[38;5;249mt[0m[38;5;249m [0m[38;5;249mA[0m[38;5;249m:[0m[38;5;249mF[0m[38;5;249mi[0m[38;5;249me[0m[38;5;249ml[0m[38;5;249md[0m[38;5;249m=[0m[31mf[0m[31m([0m[31m)[0m[38;5;249m [0m[38;5;249mf[0m[38;5;249mn[0m[38;5;249m [0m[38;5;249mf[0m[38;5;249m([0m[38;5;249m)[0m[38;5;249m-[0m[38;5;249m>[0m[38;5;249mF[0m[38;5;249mi[0m[38;5;249me[0m[38;5;249ml[0m[38;5;249md[0m[38;5;249m{[0m[38;5;249m7[0m[38;5;249m}[0m[38;5;249m [0m[38;5;249mf[0m[38;5;249mn[0m[38;5;249m [0m[38;5;249mm[0m[38;5;249ma[0m[38;5;249mi[0m[38;5;249mn[0m[38;5;249m([0m[38;5;249m)[0m[38;5;249m-[0m[38;5;249m>[0m[38;5;249mF[0m[38;5;249mi[0m[38;5;249me[0m[38;5;249ml[0m[38;5;249md[0m[38;5;249m{[0m[38;5;249m7[0m[38;5;249m}[0m
 [38;5;240m  │[0m                              [31m─[0m[31m┬[0m[31m─[0m
 [38;5;240m  │[0m                               [31m╰[0m[31m─[0m[31m─[0m[31m─[0m constant initializer requires an integer literal or constant reference
[38;5;246m───╯[0m
[31mError:[0m integer literal '18446744073709551616' is too large
   [38;5;246m╭[0m[38;5;246m─[0m[38;5;246m[[0moracle.tri:1:30[38;5;246m][0m
   [38;5;246m│[0m
 [38;5;246m1 │[0m [38;5;249mp[0m[38;5;249mr[0m[38;5;249mo[0m[38;5;249mg[0m[38;5;249mr[0m[38;5;249ma[0m[38;5;249mm[0m[38;5;249m [0m[38;5;249ms[0m[38;5;249ma[0m[38;5;249mm[0m[38;5;249mp[0m[38;5;249ml[0m[38;5;249me[0m[38;5;249m [0m[38;5;249mc[0m[38;5;249mo[0m[38;5;249mn[0m[38;5;249ms[0m[38;5;249mt[0m[38;5;249m [0m[38;5;249mA[0m[38;5;249m:[0m[38;5;249mF[0m[38;5;249mi[0m[38;5;249me[0m[38;5;249ml[0m[38;5;249md[0m[38;5;249m=[0m[31m1[0m[31m8[0m[31m4[0m[31m4[0m[31m6[0m[31m7[0m[31m4[0m[31m4[0m[31m0[0m[31m7[0m[31m3[0m[31m7[0m[31m0[0m[31m9[0m[31m5[0m[31m5[0m[31m1[0m[31m6[0m[31m1[0m[31m6[0m[38;5;249m [0m[38;5;249mf[0m[38;5;249mn[0m[38;5;249m [0m[38;5;249mm[0m[38;5;249ma[0m[38;5;249mi[0m[38;5;249mn[0m[38;5;249m([0m[38;5;249m)[0m[38;5;249m-[0m[38;5;249m>[0m[38;5;249mF[0m[38;5;249mi[0m[38;5;249me[0m[38;5;249ml[0m[38;5;249md[0m[38;5;249m{[0m[38;5;249m7[0m[38;5;249m}[0m
 [38;5;240m  │[0m                              [31m─[0m[31m─[0m[31m─[0m[31m─[0m[31m─[0m[31m─[0m[31m─[0m[31m─[0m[31m─[0m[31m─[0m[31m┬[0m[31m─[0m[31m─[0m[31m─[0m[31m─[0m[31m─[0m[31m─[0m[31m─[0m[31m─[0m[31m─[0m
 [38;5;240m  │[0m                                        [31m╰[0m[31m─[0m[31m─[0m[31m─[0m[31m─[0m[31m─[0m[31m─[0m[31m─[0m[31m─[0m[31m─[0m[31m─[0m[31m─[0m integer literal '18446744073709551616' is too large
 [38;5;240m  │[0m
 [38;5;240m  │[0m [38;5;115mHelp[0m: maximum integer value is 18446744073709551615
[38;5;246m───╯[0m
[31mError:[0m expected ')', found 'fn'
   [38;5;246m╭[0m[38;5;246m─[0m[38;5;246m[[0moracle.tri:1:33[38;5;246m][0m
   [38;5;246m│[0m
 [38;5;246m1 │[0m [38;5;249mp[0m[38;5;249mr[0m[38;5;249mo[0m[38;5;249mg[0m[38;5;249mr[0m[38;5;249ma[0m[38;5;249mm[0m[38;5;249m [0m[38;5;249ms[0m[38;5;249ma[0m[38;5;249mm[0m[38;5;249mp[0m[38;5;249ml[0m[38;5;249me[0m[38;5;249m [0m[38;5;249mc[0m[38;5;249mo[0m[38;5;249mn[0m[38;5;249ms[0m[38;5;249mt[0m[38;5;249m [0m[38;5;249mA[0m[38;5;249m:[0m[38;5;249mF[0m[38;5;249mi[0m[38;5;249me[0m[38;5;249ml[0m[38;5;249md[0m[38;5;249m=[0m[38;5;249m([0m[38;5;249m7[0m[38;5;249m [0m[31mf[0m[31mn[0m[38;5;249m [0m[38;5;249mm[0m[38;5;249ma[0m[38;5;249mi[0m[38;5;249mn[0m[38;5;249m([0m[38;5;249m)[0m[38;5;249m-[0m[38;5;249m>[0m[38;5;249mF[0m[38;5;249mi[0m[38;5;249me[0m[38;5;249ml[0m[38;5;249md[0m[38;5;249m{[0m[38;5;249m7[0m[38;5;249m}[0m
 [38;5;240m  │[0m                                 [31m─[0m[31m┬[0m
 [38;5;240m  │[0m                                  [31m╰[0m[31m─[0m[31m─[0m expected ')', found 'fn'
[38;5;246m───╯[0m
[31mError:[0m expected item (fn, struct, event, or const)
   [38;5;246m╭[0m[38;5;246m─[0m[38;5;246m[[0moracle.tri:1:31[38;5;246m][0m
   [38;5;246m│[0m
 [38;5;246m1 │[0m [38;5;249mp[0m[38;5;249mr[0m[38;5;249mo[0m[38;5;249mg[0m[38;5;249mr[0m[38;5;249ma[0m[38;5;249mm[0m[38;5;249m [0m[38;5;249ms[0m[38;5;249ma[0m[38;5;249mm[0m[38;5;249mp[0m[38;5;249ml[0m[38;5;249me[0m[38;5;249m [0m[38;5;249mc[0m[38;5;249mo[0m[38;5;249mn[0m[38;5;249ms[0m[38;5;249mt[0m[38;5;249m [0m[38;5;249mA[0m[38;5;249m:[0m[38;5;249mF[0m[38;5;249mi[0m[38;5;249me[0m[38;5;249ml[0m[38;5;249md[0m[38;5;249m=[0m[38;5;249m7[0m[31m)[0m[38;5;249m [0m[38;5;249mf[0m[38;5;249mn[0m[38;5;249m [0m[38;5;249mm[0m[38;5;249ma[0m[38;5;249mi[0m[38;5;249mn[0m[38;5;249m([0m[38;5;249m)[0m[38;5;249m-[0m[38;5;249m>[0m[38;5;249mF[0m[38;5;249mi[0m[38;5;249me[0m[38;5;249ml[0m[38;5;249md[0m[38;5;249m{[0m[38;5;249m7[0m[38;5;249m}[0m
 [38;5;240m  │[0m                               [31m┬[0m
 [38;5;240m  │[0m                               [31m╰[0m[31m─[0m[31m─[0m expected item (fn, struct, event, or const)
 [38;5;240m  │[0m
 [38;5;240m  │[0m [38;5;115mHelp[0m: top-level items must be function, struct, event, or const definitions
[38;5;246m───╯[0m
[31mError:[0m expected ':', found 'Field'
   [38;5;246m╭[0m[38;5;246m─[0m[38;5;246m[[0moracle.tri:1:24[38;5;246m][0m
   [38;5;246m│[0m
 [38;5;246m1 │[0m [38;5;249mp[0m[38;5;249mr[0m[38;5;249mo[0m[38;5;249mg[0m[38;5;249mr[0m[38;5;249ma[0m[38;5;249mm[0m[38;5;249m [0m[38;5;249ms[0m[38;5;249ma[0m[38;5;249mm[0m[38;5;249mp[0m[38;5;249ml[0m[38;5;249me[0m[38;5;249m [0m[38;5;249mc[0m[38;5;249mo[0m[38;5;249mn[0m[38;5;249ms[0m[38;5;249mt[0m[38;5;249m [0m[38;5;249mA[0m[38;5;249m [0m[31mF[0m[31mi[0m[31me[0m[31ml[0m[31md[0m[38;5;249m=[0m[38;5;249m7[0m[38;5;249m [0m[38;5;249mf[0m[38;5;249mn[0m[38;5;249m [0m[38;5;249mm[0m[38;5;249ma[0m[38;5;249mi[0m[38;5;249mn[0m[38;5;249m([0m[38;5;249m)[0m[38;5;249m-[0m[38;5;249m>[0m[38;5;249mF[0m[38;5;249mi[0m[38;5;249me[0m[38;5;249ml[0m[38;5;249md[0m[38;5;249m{[0m[38;5;249m7[0m[38;5;249m}[0m
 [38;5;240m  │[0m                        [31m─[0m[31m─[0m[31m┬[0m[31m─[0m[31m─[0m
 [38;5;240m  │[0m                          [31m╰[0m[31m─[0m[31m─[0m[31m─[0m[31m─[0m expected ':', found 'Field'
[38;5;246m───╯[0m
[31mError:[0m expected '=', found integer literal
   [38;5;246m╭[0m[38;5;246m─[0m[38;5;246m[[0moracle.tri:1:30[38;5;246m][0m
   [38;5;246m│[0m
 [38;5;246m1 │[0m [38;5;249mp[0m[38;5;249mr[0m[38;5;249mo[0m[38;5;249mg[0m[38;5;249mr[0m[38;5;249ma[0m[38;5;249mm[0m[38;5;249m [0m[38;5;249ms[0m[38;5;249ma[0m[38;5;249mm[0m[38;5;249mp[0m[38;5;249ml[0m[38;5;249me[0m[38;5;249m [0m[38;5;249mc[0m[38;5;249mo[0m[38;5;249mn[0m[38;5;249ms[0m[38;5;249mt[0m[38;5;249m [0m[38;5;249mA[0m[38;5;249m:[0m[38;5;249mF[0m[38;5;249mi[0m[38;5;249me[0m[38;5;249ml[0m[38;5;249md[0m[38;5;249m [0m[31m7[0m[38;5;249m [0m[38;5;249mf[0m[38;5;249mn[0m[38;5;249m [0m[38;5;249mm[0m[38;5;249ma[0m[38;5;249mi[0m[38;5;249mn[0m[38;5;249m([0m[38;5;249m)[0m[38;5;249m-[0m[38;5;249m>[0m[38;5;249mF[0m[38;5;249mi[0m[38;5;249me[0m[38;5;249ml[0m[38;5;249md[0m[38;5;249m{[0m[38;5;249m7[0m[38;5;249m}[0m
 [38;5;240m  │[0m                              [31m┬[0m
 [38;5;240m  │[0m                              [31m╰[0m[31m─[0m[31m─[0m expected '=', found integer literal
[38;5;246m───╯[0m
[31mError:[0m expected item (fn, struct, event, or const)
   [38;5;246m╭[0m[38;5;246m─[0m[38;5;246m[[0moracle.tri:1:32[38;5;246m][0m
   [38;5;246m│[0m
 [38;5;246m1 │[0m [38;5;249mp[0m[38;5;249mr[0m[38;5;249mo[0m[38;5;249mg[0m[38;5;249mr[0m[38;5;249ma[0m[38;5;249mm[0m[38;5;249m [0m[38;5;249ms[0m[38;5;249ma[0m[38;5;249mm[0m[38;5;249mp[0m[38;5;249ml[0m[38;5;249me[0m[38;5;249m [0m[38;5;249mc[0m[38;5;249mo[0m[38;5;249mn[0m[38;5;249ms[0m[38;5;249mt[0m[38;5;249m [0m[38;5;249mA[0m[38;5;249m:[0m[38;5;249mF[0m[38;5;249mi[0m[38;5;249me[0m[38;5;249ml[0m[38;5;249md[0m[38;5;249m=[0m[38;5;249m7[0m[38;5;249m [0m[31m8[0m[38;5;249m [0m[38;5;249mf[0m[38;5;249mn[0m[38;5;249m [0m[38;5;249mm[0m[38;5;249ma[0m[38;5;249mi[0m[38;5;249mn[0m[38;5;249m([0m[38;5;249m)[0m[38;5;249m-[0m[38;5;249m>[0m[38;5;249mF[0m[38;5;249mi[0m[38;5;249me[0m[38;5;249ml[0m[38;5;249md[0m[38;5;249m{[0m[38;5;249m7[0m[38;5;249m}[0m
 [38;5;240m  │[0m                                [31m┬[0m
 [38;5;240m  │[0m                                [31m╰[0m[31m─[0m[31m─[0m expected item (fn, struct, event, or const)
 [38;5;240m  │[0m
 [38;5;240m  │[0m [38;5;115mHelp[0m: top-level items must be function, struct, event, or const definitions
[38;5;246m───╯[0m
[31mError:[0m unknown constant 'other.A'
   [38;5;246m╭[0m[38;5;246m─[0m[38;5;246m[[0moracle.tri:1:30[38;5;246m][0m
   [38;5;246m│[0m
 [38;5;246m1 │[0m [38;5;249mp[0m[38;5;249mr[0m[38;5;249mo[0m[38;5;249mg[0m[38;5;249mr[0m[38;5;249ma[0m[38;5;249mm[0m[38;5;249m [0m[38;5;249ms[0m[38;5;249ma[0m[38;5;249mm[0m[38;5;249mp[0m[38;5;249ml[0m[38;5;249me[0m[38;5;249m [0m[38;5;249mc[0m[38;5;249mo[0m[38;5;249mn[0m[38;5;249ms[0m[38;5;249mt[0m[38;5;249m [0m[38;5;249mA[0m[38;5;249m:[0m[38;5;249mF[0m[38;5;249mi[0m[38;5;249me[0m[38;5;249ml[0m[38;5;249md[0m[38;5;249m=[0m[31mo[0m[31mt[0m[31mh[0m[31me[0m[31mr[0m[38;5;249m.[0m[38;5;249mA[0m[38;5;249m [0m[38;5;249mf[0m[38;5;249mn[0m[38;5;249m [0m[38;5;249mm[0m[38;5;249ma[0m[38;5;249mi[0m[38;5;249mn[0m[38;5;249m([0m[38;5;249m)[0m[38;5;249m-[0m[38;5;249m>[0m[38;5;249mF[0m[38;5;249mi[0m[38;5;249me[0m[38;5;249ml[0m[38;5;249md[0m[38;5;249m{[0m[38;5;249m7[0m[38;5;249m}[0m
 [38;5;240m  │[0m                              [31m─[0m[31m─[0m[31m┬[0m[31m─[0m[31m─[0m
 [38;5;240m  │[0m                                [31m╰[0m[31m─[0m[31m─[0m[31m─[0m[31m─[0m unknown constant 'other.A'
[38;5;246m───╯[0m
test constants::native_constants_freeze_final_typed_bindings_before_all_function_bodies ... ok
test function_imports::imported_call_namespace_is_distinct_from_constants_and_lexical_module_roots ... ok
test constants::native_constants_validate_replaced_and_unused_initializers_without_partial_acceptance ... ok

test result: ok. 15 passed; 0 failed; 0 ignored; 0 measured; 173 filtered out; finished in 125.49s
