  Installing trisha v0.3.0 (/Users/master/cyber/.worktrees/selfhost-0.4-full-bootstrap/portable-native-smoke/trisha/cli)
   Compiling proc-macro2 v1.0.106
   Compiling quote v1.0.44
   Compiling unicode-ident v1.0.24
   Compiling syn v2.0.116
   Compiling libc v0.2.182
   Compiling zeroize_derive v1.4.3
   Compiling cfg-if v1.0.4
   Compiling version_check v0.9.5
   Compiling typenum v1.19.0
   Compiling serde_derive v1.0.228
   Compiling zeroize v1.8.2
   Compiling getrandom v0.2.17
   Compiling generic-array v0.14.7
   Compiling autocfg v1.5.0
   Compiling rand_core v0.6.4
   Compiling crossbeam-utils v0.8.21
   Compiling serde_core v1.0.228
   Compiling serde v1.0.228
   Compiling subtle v2.6.1
   Compiling num-traits v0.2.19
   Compiling crypto-common v0.1.7
   Compiling zerocopy v0.8.39
   Compiling getrandom v0.3.4
   Compiling const-oid v0.9.6
   Compiling rayon-core v1.13.0
   Compiling zmij v1.0.21
   Compiling smallvec v1.15.1
   Compiling proc-macro-utils v0.10.0
   Compiling block-buffer v0.10.4
   Compiling memchr v2.8.0
   Compiling digest v0.10.7
   Compiling quote-use-macros v0.8.4
   Compiling manyhow-macros v0.11.4
   Compiling thiserror v2.0.18
   Compiling manyhow v0.11.4
   Compiling quote-use v0.8.4
   Compiling collection_literals v1.0.3
   Compiling siphasher v1.0.2
   Compiling interpolator v0.5.0
   Compiling attribute-derive-macro v0.10.5
   Compiling phf_shared v0.13.1
   Compiling cpufeatures v0.2.17
   Compiling thiserror-impl v2.0.18
   Compiling derive-where v1.6.0
   Compiling fastrand v2.3.0
   Compiling phf_generator v0.13.1
   Compiling attribute-derive v0.10.5
   Compiling synstructure v0.13.2
   Compiling heck v0.5.0
   Compiling get-size-derive2 v0.7.4
   Compiling phf_macros v0.13.1
   Compiling matrixmultiply v0.3.10
   Compiling derive_arbitrary v1.4.2
   Compiling zerofrom-derive v0.1.6
   Compiling zerofrom v0.1.6
   Compiling yoke-derive v0.8.1
   Compiling crossbeam-epoch v0.9.18
   Compiling bfieldcodec_derive v0.7.0 (/Users/master/cyber/.worktrees/selfhost-0.4-full-bootstrap/portable-native-smoke/trisha/.vendor/bfieldcodec_derive-0.7.0)
   Compiling stable_deref_trait v1.2.1
   Compiling yoke v0.8.1
   Compiling crossbeam-deque v0.8.6
   Compiling ppv-lite86 v0.2.21
   Compiling strum_macros v0.27.2
   Compiling strata-core v0.1.1 (/Users/master/cyber/.worktrees/selfhost-0.4-full-bootstrap/portable-native-smoke/strata/core)
   Compiling either v1.15.0
   Compiling serde_json v1.0.149
   Compiling num-integer v0.1.46
   Compiling zerovec-derive v0.11.2
   Compiling itoa v1.0.17
   Compiling zerovec v0.11.5
   Compiling rayon v1.11.0
   Compiling rand_core v0.9.5
   Compiling displaydoc v0.2.5
   Compiling pin-project-lite v0.2.16
   Compiling keccak v0.1.6
   Compiling rand_chacha v0.9.0
   Compiling prettyplease v0.2.37
   Compiling once_cell v1.21.4
   Compiling rand v0.9.5
   Compiling sha3 v0.10.8
   Compiling num-bigint v0.4.6
   Compiling itertools v0.14.0
   Compiling strata-ext v0.1.1 (/Users/master/cyber/.worktrees/selfhost-0.4-full-bootstrap/portable-native-smoke/strata/ext)
   Compiling strata-proof v0.1.1 (/Users/master/cyber/.worktrees/selfhost-0.4-full-bootstrap/portable-native-smoke/strata/proof)
   Compiling arbitrary v1.4.2
   Compiling phf v0.13.1
   Compiling get-size2 v0.7.4
   Compiling serde-big-array v0.5.1
   Compiling hex v0.4.3
   Compiling rawpointer v0.2.1
   Compiling twenty-first v1.1.0 (/Users/master/cyber/.worktrees/selfhost-0.4-full-bootstrap/portable-native-smoke/trisha/.vendor/twenty-first)
   Compiling tinystr v0.8.2
   Compiling nom v8.0.0
   Compiling num-complex v0.4.6
   Compiling litemap v0.8.1
   Compiling writeable v0.6.2
   Compiling icu_locale_core v2.1.1
   Compiling ndarray v0.17.2
   Compiling nom-language v0.1.0
   Compiling zerotrie v0.2.3
   Compiling potential_utf v0.1.4
   Compiling strata-compute v0.1.1 (/Users/master/cyber/.worktrees/selfhost-0.4-full-bootstrap/portable-native-smoke/strata/compute)
   Compiling strum v0.27.2
   Compiling lazy_static v1.5.0
   Compiling icu_normalizer_data v2.1.1
   Compiling icu_properties_data v2.1.2
   Compiling triton-isa v7.0.0 (/Users/master/cyber/.worktrees/selfhost-0.4-full-bootstrap/portable-native-smoke/trisha/.vendor/triton-isa)
   Compiling strata-nebu v0.1.1 (/Users/master/cyber/.worktrees/selfhost-0.4-full-bootstrap/portable-native-smoke/strata/nebu/rs)
   Compiling icu_collections v2.1.1
   Compiling icu_provider v2.1.1
   Compiling triton-constraint-circuit v7.0.0 (/Users/master/cyber/.worktrees/selfhost-0.4-full-bootstrap/portable-native-smoke/trisha/.vendor/triton-constraint-circuit)
   Compiling futures-sink v0.3.32
   Compiling futures-core v0.3.32
   Compiling triton-air v7.0.0 (/Users/master/cyber/.worktrees/selfhost-0.4-full-bootstrap/portable-native-smoke/trisha/.vendor/triton-air)
   Compiling errno v0.3.14
   Compiling cyber-hemera v0.3.1 (/Users/master/cyber/.worktrees/selfhost-0.4-full-bootstrap/portable-native-smoke/hemera/rs)
   Compiling hashbrown v0.16.1
   Compiling equivalent v1.0.2
   Compiling indexmap v2.13.0
   Compiling cyber-lens-core v0.1.2 (/Users/master/cyber/.worktrees/selfhost-0.4-full-bootstrap/portable-native-smoke/lens/core)
   Compiling signal-hook-registry v1.4.8
   Compiling icu_properties v2.1.2
   Compiling icu_normalizer v2.1.1
   Compiling triton-constraint-builder v7.0.0 (/Users/master/cyber/.worktrees/selfhost-0.4-full-bootstrap/portable-native-smoke/trisha/.vendor/triton-constraint-builder)
   Compiling futures-channel v0.3.32
   Compiling tracing-core v0.1.36
   Compiling mio v1.1.1
   Compiling tokio-macros v2.6.0
   Compiling tracing-attributes v0.1.31
   Compiling futures-macro v0.3.32
   Compiling syn v1.0.109
   Compiling futures-task v0.3.32
   Compiling slab v0.4.12
   Compiling bytes v1.11.1
   Compiling futures-io v0.3.32
   Compiling futures-util v0.3.32
   Compiling tokio v1.49.0
   Compiling tracing v0.1.44
   Compiling triton-vm v7.0.0 (/Users/master/cyber/.worktrees/selfhost-0.4-full-bootstrap/portable-native-smoke/trisha/.vendor/triton-vm)
   Compiling idna_adapter v1.2.1
   Compiling hmac v0.12.1
   Compiling anyhow v1.0.104
   Compiling percent-encoding v2.3.2
   Compiling utf8parse v0.2.2
   Compiling utf8_iter v1.0.4
   Compiling idna v1.1.0
   Compiling anstyle-parse v0.2.7
   Compiling form_urlencoded v1.2.2
   Compiling memory-stats v1.2.0
   Compiling anstyle v1.0.13
   Compiling colorchoice v1.0.4
   Compiling colored v3.1.1
   Compiling konst_macro_rules v0.2.19
   Compiling thiserror v1.0.69
   Compiling anstyle-query v1.1.5
   Compiling unicode-width v0.2.0
   Compiling web-time v1.1.0
   Compiling is_terminal_polyfill v1.70.2
   Compiling unicode-xid v0.2.6
   Compiling const_format_proc_macros v0.2.34
   Compiling anstream v0.6.21
   Compiling konst v0.2.20
   Compiling url v2.5.8
   Compiling futures-executor v0.3.32
   Compiling cyber-lens-brakedown v0.2.0 (/Users/master/cyber/.worktrees/selfhost-0.4-full-bootstrap/portable-native-smoke/lens/brakedown)
   Compiling num-rational v0.4.2
   Compiling num-iter v0.1.46
   Compiling der v0.7.10
   Compiling async-trait v0.1.89
   Compiling thiserror-impl v1.0.69
   Compiling shlex v1.3.0
   Compiling clap_lex v1.0.0
   Compiling strsim v0.11.1
   Compiling find-msvc-tools v0.1.9
   Compiling cc v1.2.56
   Compiling clap_builder v4.5.59
   Compiling num v0.4.3
   Compiling futures v0.3.32
   Compiling const_format v0.2.36
   Compiling hkdf v0.12.4
   Compiling clap_derive v4.5.55
   Compiling tasm-object-derive v7.0.0 (/Users/master/cyber/.worktrees/selfhost-0.4-full-bootstrap/portable-native-smoke/trisha/.vendor/tasm-object-derive)
   Compiling base16ct v0.2.0
   Compiling parking_lot_core v0.9.12
   Compiling serdect v0.2.0
   Compiling tasm-lib v7.0.0 (/Users/master/cyber/.worktrees/selfhost-0.4-full-bootstrap/portable-native-smoke/trisha/.vendor/tasm-lib)
   Compiling clap v4.5.59
   Compiling ring v0.17.14
   Compiling spki v0.7.3
   Compiling sha2 v0.10.9
   Compiling ff v0.13.1
   Compiling inout v0.1.4
   Compiling pin-project-internal v1.1.10
   Compiling core-foundation-sys v0.8.7
   Compiling option-ext v0.2.0
   Compiling httparse v1.10.1
   Compiling scopeguard v1.2.0
   Compiling lock_api v0.4.14
   Compiling dirs-sys v0.4.1
   Compiling iana-time-zone v0.1.65
   Compiling pin-project v1.1.10
   Compiling cipher v0.4.4
   Compiling group v0.13.0
   Compiling pkcs8 v0.10.2
   Compiling sec1 v0.7.3
   Compiling aho-corasick v1.1.5
   Compiling universal-hash v0.5.1
   Compiling bincode v1.3.3
   Compiling crypto-bigint v0.5.5
   Compiling rustls-pki-types v1.14.0
   Compiling serde_repr v0.1.20
   Compiling syn v3.0.5
   Compiling tower-layer v0.3.3
   Compiling opaque-debug v0.3.1
   Compiling data-encoding v2.11.1
   Compiling tower-service v0.3.3
   Compiling hashbrown v0.14.5
   Compiling bitflags v1.3.2
   Compiling tinyvec_macros v0.1.1
   Compiling regex-syntax v0.8.11
   Compiling regex-automata v0.4.18
   Compiling tinyvec v1.13.2
   Compiling lsp-types v0.94.1
   Compiling dashmap v5.5.3
   Compiling tower v0.4.13
   Compiling data-encoding-macro-internal v0.1.19
   Compiling polyval v0.6.2
   Compiling elliptic-curve v0.13.8
   Compiling chrono v0.4.45
   Compiling directories v5.0.1
   Compiling cyber-nox v0.3.0 (/Users/master/cyber/.worktrees/selfhost-0.4-full-bootstrap/portable-native-smoke/nox/rs)
   Compiling field_count_derive v0.1.1
   Compiling rfc6979 v0.4.0
   Compiling tokio-util v0.7.18
   Compiling strata-jali v0.1.1 (/Users/master/cyber/.worktrees/selfhost-0.4-full-bootstrap/portable-native-smoke/strata/jali/rs)
   Compiling strata-kuro v0.1.1 (/Users/master/cyber/.worktrees/selfhost-0.4-full-bootstrap/portable-native-smoke/strata/kuro/rs)
   Compiling strata-genies v0.1.1 (/Users/master/cyber/.worktrees/selfhost-0.4-full-bootstrap/portable-native-smoke/strata/genies/rs)
   Compiling strata-trop v0.1.1 (/Users/master/cyber/.worktrees/selfhost-0.4-full-bootstrap/portable-native-smoke/strata/trop/rs)
   Compiling rand_chacha v0.3.1
   Compiling signature v2.2.0
   Compiling serde_arrays v0.2.0
   Compiling match-lookup v0.1.3
   Compiling auto_impl v1.3.0
   Compiling tower-lsp-macros v0.9.0
   Compiling const-str v0.4.3
   Compiling unsigned-varint v0.8.0
   Compiling unicode-width v0.1.14
   Compiling untrusted v0.9.0
   Compiling yansi v1.0.1
   Compiling crc32fast v1.5.0
   Compiling trident-lang v0.3.0 (/Users/master/cyber/.worktrees/selfhost-0.4-full-bootstrap/portable-native-smoke/trident)
   Compiling data-encoding-macro v0.1.21
   Compiling ariadne v0.4.1
   Compiling multihash v0.19.5
   Compiling base256emoji v1.0.2
   Compiling tower-lsp v0.20.0
   Compiling neptune-mutator-set v0.15.1 (https://github.com/Neptune-Crypto/neptune-core?rev=9869b5e35b659dc520fad51ba5a9c812fed46db0#9869b5e3)
   Compiling ecdsa v0.16.9
   Compiling rand v0.8.8
   Compiling cyber-lens-assayer v0.2.0 (/Users/master/cyber/.worktrees/selfhost-0.4-full-bootstrap/portable-native-smoke/lens/assayer)
   Compiling cyber-lens-porphyry v0.2.0 (/Users/master/cyber/.worktrees/selfhost-0.4-full-bootstrap/portable-native-smoke/lens/porphyry)
   Compiling cyber-lens-binius v0.1.1 (/Users/master/cyber/.worktrees/selfhost-0.4-full-bootstrap/portable-native-smoke/lens/binius)
   Compiling cyber-lens-ikat v0.2.0 (/Users/master/cyber/.worktrees/selfhost-0.4-full-bootstrap/portable-native-smoke/lens/ikat)
   Compiling field_count v0.1.1
   Compiling neptune-primitives v0.15.1 (https://github.com/Neptune-Crypto/neptune-core?rev=9869b5e35b659dc520fad51ba5a9c812fed46db0#9869b5e3)
   Compiling ghash v0.5.1
   Compiling unicode-normalization v0.1.25
   Compiling regex v1.13.1
   Compiling readonly v0.2.14
   Compiling ctr v0.9.2
   Compiling aes v0.8.4
   Compiling neptune-job-queue v0.15.1 (https://github.com/Neptune-Crypto/neptune-core?rev=9869b5e35b659dc520fad51ba5a9c812fed46db0#9869b5e3)
   Compiling serde_spanned v0.6.9
   Compiling toml_datetime v0.6.11
   Compiling pbkdf2 v0.11.0
   Compiling aead v0.5.2
   Compiling rustc-hash v1.1.0
   Compiling bs58 v0.5.1
   Compiling base45 v3.2.0
   Compiling rustls v0.23.36
   Compiling unicode-segmentation v1.13.3
   Compiling simd-adler32 v0.3.8
   Compiling base-x v0.2.11
   Compiling adler2 v2.0.1
   Compiling toml_write v0.1.2
   Compiling winnow v0.7.14
   Compiling toml_edit v0.22.27
   Compiling miniz_oxide v0.8.9
   Compiling multibase v0.9.3
   Compiling convert_case v0.9.0
   Compiling libp2p-identity v0.2.14
   Compiling tiny-bip39 v1.0.0
   Compiling aes-gcm v0.10.3
   Compiling neptune-consensus v0.15.1 (https://github.com/Neptune-Crypto/neptune-core?rev=9869b5e35b659dc520fad51ba5a9c812fed46db0#9869b5e3)
   Compiling cyber-lens v0.2.0 (/Users/master/cyber/.worktrees/selfhost-0.4-full-bootstrap/portable-native-smoke/lens/src)
   Compiling k256 v0.13.4
   Compiling rustls-webpki v0.103.15
   Compiling webpki-roots v1.0.6
   Compiling crossbeam-queue v0.3.12
   Compiling serde_tuple_macros v1.1.3
   Compiling arrayref v0.3.9
   Compiling bech32 v0.9.1
   Compiling static_assertions v1.1.0
   Compiling byteorder v1.5.0
   Compiling trisha-rs v0.3.0 (/Users/master/cyber/.worktrees/selfhost-0.4-full-bootstrap/portable-native-smoke/trisha/rs)
   Compiling log v0.4.29
   Compiling mutants v0.0.3
   Compiling unimem v0.2.0 (/Users/master/cyber/.worktrees/selfhost-0.4-full-bootstrap/portable-native-smoke/honeycrisp/unimem)
   Compiling multiaddr v0.18.2
   Compiling neptune-wallet v0.15.1 (https://github.com/Neptune-Crypto/neptune-core?rev=9869b5e35b659dc520fad51ba5a9c812fed46db0#9869b5e3)
   Compiling serde_tuple v1.1.3
   Compiling webpki-roots v0.26.11
   Compiling flate2 v1.1.9
   Compiling zheng v0.4.0 (/Users/master/cyber/.worktrees/selfhost-0.4-full-bootstrap/portable-native-smoke/zheng/rs)
   Compiling neptune-rpc-macros v0.15.1 (https://github.com/Neptune-Crypto/neptune-core?rev=9869b5e35b659dc520fad51ba5a9c812fed46db0#9869b5e3)
   Compiling toml v0.8.23
   Compiling base64 v0.22.1
   Compiling ureq v2.12.1
   Compiling trisha v0.3.0 (/Users/master/cyber/.worktrees/selfhost-0.4-full-bootstrap/portable-native-smoke/trisha/cli)
   Compiling neptune-rpc-api v0.15.1 (https://github.com/Neptune-Crypto/neptune-core?rev=9869b5e35b659dc520fad51ba5a9c812fed46db0#9869b5e3)
   Compiling acpu v0.2.0 (/Users/master/cyber/.worktrees/selfhost-0.4-full-bootstrap/portable-native-smoke/honeycrisp/acpu)
   Compiling trisha-honeycrisp v0.3.0 (/Users/master/cyber/.worktrees/selfhost-0.4-full-bootstrap/portable-native-smoke/trisha/honeycrisp)
   Compiling trisha-neptune v0.3.0 (/Users/master/cyber/.worktrees/selfhost-0.4-full-bootstrap/portable-native-smoke/trisha/neptune)
    Finished `release` profile [optimized] target(s) in 6m 59s
   Replacing ../install-trisha/bin/trisha
    Replaced package `trisha v0.3.0 (/Users/master/cyber/.worktrees/selfhost-0.4-full-bootstrap/portable-native-smoke/trisha/cli)` with `trisha v0.3.0 (/Users/master/cyber/.worktrees/selfhost-0.4-full-bootstrap/portable-native-smoke/trisha/cli)` (executable `trisha`)
warning: be sure to add `../install-trisha/bin` to your PATH to be able to run the installed binaries
