  Installing trident-lang v0.3.0 (/Users/master/cyber/.worktrees/selfhost-0.4-finalization-20261002/proof-acceptance/trident)
   Compiling proc-macro2 v1.0.106
   Compiling unicode-ident v1.0.22
   Compiling quote v1.0.44
   Compiling litemap v0.8.1
   Compiling syn v2.0.114
   Compiling writeable v0.6.2
   Compiling icu_properties_data v2.1.2
   Compiling icu_normalizer_data v2.1.1
   Compiling smallvec v1.15.1
   Compiling pin-project-lite v0.2.16
   Compiling serde_core v1.0.228
   Compiling synstructure v0.13.2
   Compiling futures-sink v0.3.31
   Compiling memchr v2.8.0
   Compiling zerofrom-derive v0.1.6
   Compiling yoke-derive v0.8.1
   Compiling zerofrom v0.1.6
   Compiling zerovec-derive v0.11.2
   Compiling yoke v0.8.1
   Compiling displaydoc v0.2.5
   Compiling futures-core v0.3.31
   Compiling zerovec v0.11.5
   Compiling zerotrie v0.2.3
   Compiling tinystr v0.8.2
   Compiling icu_locale_core v2.1.1
   Compiling potential_utf v0.1.4
   Compiling icu_collections v2.1.1
   Compiling icu_provider v2.1.1
   Compiling icu_normalizer v2.1.1
   Compiling icu_properties v2.1.2
   Compiling serde v1.0.228
   Compiling libc v0.2.180
   Compiling zmij v1.0.20
   Compiling idna_adapter v1.2.1
   Compiling futures-channel v0.3.31
   Compiling serde_derive v1.0.228
   Compiling futures-macro v0.3.31
   Compiling futures-task v0.3.31
   Compiling pin-utils v0.1.0
   Compiling slab v0.4.12
   Compiling serde_json v1.0.149
   Compiling futures-io v0.3.31
   Compiling futures-util v0.3.31
   Compiling anstyle-parse v0.2.7
   Compiling idna v1.1.0
   Compiling pin-project-internal v1.1.10
   Compiling tokio-macros v2.6.0
   Compiling colorchoice v1.0.4
   Compiling itoa v1.0.17
   Compiling anstyle v1.0.13
   Compiling anstream v0.6.21
   Compiling parking_lot_core v0.9.12
   Compiling tokio v1.49.0
   Compiling pin-project v1.1.10
   Compiling url v2.5.8
   Compiling serde_repr v0.1.20
   Compiling tracing-attributes v0.1.31
   Compiling bytes v1.11.1
   Compiling clap_lex v0.7.7
   Compiling tower v0.4.13
   Compiling dashmap v5.5.3
   Compiling clap_builder v4.5.57
   Compiling tokio-util v0.7.18
   Compiling lsp-types v0.94.1
   Compiling clap_derive v4.5.55
   Compiling tracing v0.1.44
   Compiling strata-nebu v0.1.1 (/Users/master/cyber/.worktrees/selfhost-0.4-finalization-20261002/proof-acceptance/strata/nebu/rs)
   Compiling futures v0.3.31
   Compiling async-trait v0.1.89
   Compiling tower-lsp-macros v0.9.0
   Compiling auto_impl v1.3.0
   Compiling trident-lang v0.3.0 (/Users/master/cyber/.worktrees/selfhost-0.4-finalization-20261002/proof-acceptance/trident)
   Compiling cyber-hemera v0.3.1 (/Users/master/cyber/.worktrees/selfhost-0.4-finalization-20261002/proof-acceptance/hemera/rs)
   Compiling tower-lsp v0.20.0
   Compiling cyber-nox v0.3.0 (/Users/master/cyber/.worktrees/selfhost-0.4-finalization-20261002/proof-acceptance/nox/rs)
   Compiling clap v4.5.57
    Finished `release` profile [optimized] target(s) in 1m 00s
  Installing /Users/master/cyber/.worktrees/selfhost-0.4-finalization-20261002/proof-acceptance-postinstall/installed/bin/trident
  Installing /Users/master/cyber/.worktrees/selfhost-0.4-finalization-20261002/proof-acceptance-postinstall/installed/bin/trident-lsp
   Installed package `trident-lang v0.3.0 (/Users/master/cyber/.worktrees/selfhost-0.4-finalization-20261002/proof-acceptance/trident)` (executables `trident`, `trident-lsp`)
warning: be sure to add `/Users/master/cyber/.worktrees/selfhost-0.4-finalization-20261002/proof-acceptance-postinstall/installed/bin` to your PATH to be able to run the installed binaries
