test_actual_rehearsal_copies_exact_sources_and_compiler (source_transport_tests.Preparation.test_actual_rehearsal_copies_exact_sources_and_compiler) ... ok
test_case_alias_of_input_parent_cannot_receive_output (source_transport_tests.Preparation.test_case_alias_of_input_parent_cannot_receive_output) ... ok
test_changed_c2_rejected_even_with_updated_manifest_pin (source_transport_tests.Preparation.test_changed_c2_rejected_even_with_updated_manifest_pin) ... ok
test_changed_inventory_rejected_with_updated_manifest_pin (source_transport_tests.Preparation.test_changed_inventory_rejected_with_updated_manifest_pin) ... ok
test_declared_kit_size_rejects_before_opening_oversized_payload (source_transport_tests.Preparation.test_declared_kit_size_rejects_before_opening_oversized_payload) ... ok
test_default_rejects_actual_unaccepted_kit (source_transport_tests.Preparation.test_default_rejects_actual_unaccepted_kit) ... ok
test_duplicate_json_key_and_nonfinite_number_reject (source_transport_tests.Preparation.test_duplicate_json_key_and_nonfinite_number_reject) ... ok
test_existing_output_file_and_directory_remain_unchanged (source_transport_tests.Preparation.test_existing_output_file_and_directory_remain_unchanged) ... ok
test_externally_pinned_manifest_precedes_json_parse (source_transport_tests.Preparation.test_externally_pinned_manifest_precedes_json_parse) ... ok
test_kit_file_count_accepts_exact_cap_and_rejects_one_above (source_transport_tests.Preparation.test_kit_file_count_accepts_exact_cap_and_rejects_one_above) ... ok
test_missing_source_rejects_before_output (source_transport_tests.Preparation.test_missing_source_rejects_before_output) ... ok
test_origin_and_missing_map_member_cannot_change_fixed_package (source_transport_tests.Preparation.test_origin_and_missing_map_member_cannot_change_fixed_package) ... ok
test_output_overlap_does_not_mutate_inputs (source_transport_tests.Preparation.test_output_overlap_does_not_mutate_inputs) ... ok
test_profile_limits_and_bool_scalar_cannot_change_frozen_job (source_transport_tests.Preparation.test_profile_limits_and_bool_scalar_cannot_change_frozen_job) ... ok
test_regular_read_accepts_exact_cap_and_rejects_one_above_before_read (source_transport_tests.Preparation.test_regular_read_accepts_exact_cap_and_rejects_one_above_before_read) ... ok
test_relocation_and_spaces_preserve_manifest_and_copied_bytes (source_transport_tests.Preparation.test_relocation_and_spaces_preserve_manifest_and_copied_bytes) ... ok
test_same_length_source_change_rejects_before_output (source_transport_tests.Preparation.test_same_length_source_change_rejects_before_output) ... ok
test_source_and_parent_symlinks_reject (source_transport_tests.Preparation.test_source_and_parent_symlinks_reject) ... ok
test_source_map_path_escape_rejects_with_updated_kit_pin (source_transport_tests.Preparation.test_source_map_path_escape_rejects_with_updated_kit_pin) ... ok
test_unlisted_file_and_nonportable_paths_reject (source_transport_tests.Preparation.test_unlisted_file_and_nonportable_paths_reject) ... ok
test_write_failure_retains_failed_receipt_and_no_prepared_claim (source_transport_tests.Preparation.test_write_failure_retains_failed_receipt_and_no_prepared_claim) ... ok

----------------------------------------------------------------------
Ran 21 tests in 0.730s

OK
