   Compiling proc-macro2 v1.0.106
   Compiling quote v1.0.44
   Compiling unicode-ident v1.0.22
    Checking stable_deref_trait v1.2.1
   Compiling syn v2.0.114
    Checking writeable v0.6.2
    Checking litemap v0.8.1
   Compiling icu_normalizer_data v2.1.1
    Checking smallvec v1.15.1
   Compiling icu_properties_data v2.1.2
   Compiling serde_core v1.0.228
    Checking pin-project-lite v0.2.16
   Compiling synstructure v0.13.2
    Checking futures-core v0.3.31
    Checking futures-sink v0.3.31
    Checking memchr v2.8.0
   Compiling zerofrom-derive v0.1.6
    Checking zerofrom v0.1.6
   Compiling yoke-derive v0.8.1
   Compiling zerovec-derive v0.11.2
    Checking yoke v0.8.1
   Compiling displaydoc v0.2.5
    Checking zerovec v0.11.5
    Checking zerotrie v0.2.3
    Checking tinystr v0.8.2
    Checking icu_locale_core v2.1.1
    Checking potential_utf v0.1.4
    Checking icu_collections v2.1.1
    Checking strata-core v0.1.1 (/Users/master/cyber/.worktrees/selfhost-0.4-finalization-20261002/sh7-retention-followup/strata/core)
   Compiling zmij v1.0.20
    Checking icu_provider v2.1.1
   Compiling libc v0.2.180
    Checking icu_properties v2.1.2
    Checking icu_normalizer v2.1.1
   Compiling serde v1.0.228
    Checking idna_adapter v1.2.1
   Compiling serde_derive v1.0.228
   Compiling futures-macro v0.3.31
    Checking futures-channel v0.3.31
    Checking once_cell v1.21.4
    Checking futures-io v0.3.31
   Compiling serde_json v1.0.149
    Checking slab v0.4.12
    Checking percent-encoding v2.3.2
    Checking utf8_iter v1.0.4
    Checking utf8parse v0.2.2
   Compiling parking_lot_core v0.9.12
    Checking futures-task v0.3.31
    Checking pin-utils v0.1.0
    Checking futures-util v0.3.31
    Checking anstyle-parse v0.2.7
    Checking idna v1.1.0
    Checking form_urlencoded v1.2.2
   Compiling tokio-macros v2.6.0
   Compiling pin-project-internal v1.1.10
    Checking scopeguard v1.2.0
    Checking cfg-if v1.0.4
   Compiling httparse v1.10.1
    Checking itoa v1.0.17
    Checking colorchoice v1.0.4
    Checking anstyle v1.0.13
    Checking is_terminal_polyfill v1.70.2
    Checking anstyle-query v1.1.5
    Checking pin-project v1.1.10
    Checking anstream v0.6.21
    Checking lock_api v0.4.14
    Checking tokio v1.49.0
    Checking url v2.5.8
    Checking tracing-core v0.1.36
    Checking strata-proof v0.1.1 (/Users/master/cyber/.worktrees/selfhost-0.4-finalization-20261002/sh7-retention-followup/strata/proof)
    Checking strata-ext v0.1.1 (/Users/master/cyber/.worktrees/selfhost-0.4-finalization-20261002/sh7-retention-followup/strata/ext)
    Checking strata-compute v0.1.1 (/Users/master/cyber/.worktrees/selfhost-0.4-finalization-20261002/sh7-retention-followup/strata/compute)
   Compiling serde_repr v0.1.20
   Compiling tracing-attributes v0.1.31
    Checking clap_lex v0.7.7
    Checking tower-service v0.3.3
    Checking bytes v1.11.1
    Checking hashbrown v0.14.5
    Checking strsim v0.11.1
    Checking bitflags v1.3.2
    Checking tower-layer v0.3.3
   Compiling heck v0.5.0
    Checking dashmap v5.5.3
   Compiling clap_derive v4.5.55
    Checking tower v0.4.13
    Checking lsp-types v0.94.1
    Checking clap_builder v4.5.57
    Checking tokio-util v0.7.18
    Checking tracing v0.1.44
    Checking strata-nebu v0.1.1 (/Users/master/cyber/.worktrees/selfhost-0.4-finalization-20261002/sh7-retention-followup/strata/nebu/rs)
    Checking futures v0.3.31
   Compiling auto_impl v1.3.0
   Compiling tower-lsp-macros v0.9.0
   Compiling async-trait v0.1.89
   Compiling trident-lang v0.3.0 (/Users/master/cyber/.worktrees/selfhost-0.4-finalization-20261002/sh7-retention-followup/trident)
    Checking cyber-hemera v0.3.1 (/Users/master/cyber/.worktrees/selfhost-0.4-finalization-20261002/sh7-retention-followup/hemera/rs)
    Checking yansi v1.0.1
    Checking unicode-width v0.1.14
    Checking cyber-nox v0.3.0 (/Users/master/cyber/.worktrees/selfhost-0.4-finalization-20261002/sh7-retention-followup/nox/rs)
    Checking ariadne v0.4.1
    Checking tower-lsp v0.20.0
    Checking clap v4.5.57
    Finished `dev` profile [unoptimized + debuginfo] target(s) in 16.99s
